HAL.hpp:129:18:virtual void touchgfx::HAL::setDisplayOrientation(touchgfx::DisplayOrientation)	0	static
HAL.hpp:240:18:virtual void touchgfx::HAL::submitGPU2D()	0	static
HAL.hpp:715:18:virtual bool touchgfx::HAL::sampleKey(uint8_t&)	0	static
HAL.hpp:782:18:virtual void touchgfx::HAL::setAnimationStorage(void*)	0	static
HAL.hpp:820:18:virtual void touchgfx::HAL::waitForLTDCLines(uint16_t)	0	static
HAL.hpp:943:30:virtual touchgfx::FlashDataReader* touchgfx::HAL::getFlashDataReader() const	0	static
HAL.hpp:1105:18:virtual void touchgfx::HAL::taskDelay(uint16_t)	0	static
HAL.hpp:1132:22:virtual uint16_t touchgfx::HAL::getTFTCurrentLine()	0	static
HAL.hpp:1143:21:virtual touchgfx::DMAType touchgfx::HAL::getDMAType()	0	static
HAL.hpp:1290:18:virtual void touchgfx::HAL::partialLTDCDeadlineMissed()	0	static
HAL.hpp:1368:18:virtual void touchgfx::HAL::InvalidateCache()	0	static
HAL.hpp:1378:18:virtual void touchgfx::HAL::FlushCache()	0	static
HAL.hpp:1388:18:virtual void touchgfx::HAL::InvalidateTextureCache()	0	static
TouchGFXHAL.cpp:74:11:virtual uint16_t* TouchGFXHAL::getTFTFrameBuffer() const	0	static
TouchGFXHAL.cpp:388:13:void DMA_TxCpltCallback(DMA_HandleTypeDef*)	0	static
TouchGFXHAL.cpp:403:13:void DMA_TxErrorCallback(DMA_HandleTypeDef*)	0	static
TouchGFXHAL.hpp:59:7:TouchGFXHAL::~TouchGFXHAL()	0	static
TouchGFXHAL.cpp:84:6:virtual void TouchGFXHAL::setTFTFrameBuffer(uint16_t*)	0	static
TouchGFXHAL.cpp:98:6:virtual void TouchGFXHAL::flushFrameBuffer(const touchgfx::Rect&)	0	static
TouchGFXHAL.cpp:113:6:virtual bool TouchGFXHAL::blockCopy(void*, const void*, uint32_t)	0	static
TouchGFXHAL.cpp:122:6:virtual void TouchGFXHAL::configureInterrupts()	0	static
TouchGFXHAL.cpp:137:6:virtual void TouchGFXHAL::enableInterrupts()	8	static
TouchGFXHAL.cpp:152:6:virtual void TouchGFXHAL::disableInterrupts()	8	static
TouchGFXHAL.cpp:168:6:virtual void TouchGFXHAL::enableLCDControllerInterrupt()	0	static
TouchGFXHAL.cpp:178:6:virtual bool TouchGFXHAL::beginFrame()	0	static
TouchGFXHAL.cpp:185:6:virtual void TouchGFXHAL::endFrame()	8	static
HAL.hpp:683:18:virtual void touchgfx::HAL::backPorchExited()	8	static
HAL.hpp:765:18:virtual void touchgfx::HAL::setFrameBufferStartAddresses(void*, void*, void*)	8	static
HAL.hpp:161:18:virtual void touchgfx::HAL::setFrameBufferSize(uint16_t, uint16_t)	8	static
TouchGFXHAL.hpp:131:18:virtual void TouchGFXHAL::flushFrameBuffer()	0	static
TouchGFXHAL.hpp:59:7:virtual TouchGFXHAL::~TouchGFXHAL()	8	static
HAL.hpp:356:28:virtual touchgfx::BlitOperations touchgfx::HAL::getBlitCaps()	0	static
HAL.hpp:1341:18:virtual void touchgfx::HAL::performDisplayOrientationChange()	8	static
TouchGFXHAL.cpp:195:6:void setWindow(uint32_t, uint32_t, uint32_t, uint32_t)	24	static
TouchGFXHAL.cpp:374:6:void LCD_SignalTransferDone(uint32_t)	0	static
TouchGFXHAL.cpp:417:6:void LCD_SignalTearingEffectEvent()	128	static
TouchGFXHAL.cpp:456:6:void HAL_GPIO_EXTI_Rising_Callback(uint16_t)	8	static
TouchGFXHAL.cpp:467:6:void HAL_GPIO_EXTI_Falling_Callback(uint16_t)	0	static
TouchGFXHAL.cpp:481:6:void initLCD()	80	static
TouchGFXHAL.cpp:55:6:virtual void TouchGFXHAL::initialize()	16	static
TouchGFXHAL.cpp:528:10:void tx_low_power_enter()	8	static
TouchGFXHAL.cpp:534:10:void tx_low_power_exit()	0	static
TouchGFXHAL.cpp:539:1:cpp)	0	static
