OSWrappers.cpp:49:6:static void touchgfx::OSWrappers::initialize()	24	static
OSWrappers.cpp:84:6:static void touchgfx::OSWrappers::takeFrameBufferSemaphore()	8	static
OSWrappers.cpp:95:6:static void touchgfx::OSWrappers::giveFrameBufferSemaphore()	8	static
OSWrappers.cpp:113:6:static void touchgfx::OSWrappers::tryTakeFrameBufferSemaphore()	0	static
OSWrappers.cpp:130:6:static void touchgfx::OSWrappers::giveFrameBufferSemaphoreFromISR()	16	static
OSWrappers.cpp:153:6:static void touchgfx::OSWrappers::signalVSync()	8	static
OSWrappers.cpp:176:6:static void touchgfx::OSWrappers::signalRenderingDone()	0	static
OSWrappers.cpp:187:6:static void touchgfx::OSWrappers::waitForVSync()	8	static
OSWrappers.cpp:219:6:static void touchgfx::OSWrappers::taskDelay(uint16_t)	0	static
OSWrappers.cpp:234:6:static void touchgfx::OSWrappers::taskYield()	0	static
